This is pdfTeX, Version 3.141592653-2.6-1.40.25 (MiKTeX 24.1) (preloaded format=pdflatex 2026.5.20)  29 MAY 2026 23:33
entering extended mode
 restricted \write18 enabled.
 file:line:error style messages enabled.
 %&-line parsing enabled.
**./main_ko.tex
(main_ko.tex
LaTeX2e <2023-11-01> patch level 1
L3 programming layer <2024-01-04>
(C:\Users\User\AppData\Local\Programs\MiKTeX\tex/latex/ieeetran\IEEEtran.cls
Document Class: IEEEtran 2015/08/26 V1.8b by Michael Shell
-- See the "IEEEtran_HOWTO" manual for usage information.
-- http://www.michaelshell.org/tex/ieeetran/
\@IEEEtrantmpdimenA=\dimen140
\@IEEEtrantmpdimenB=\dimen141
\@IEEEtrantmpdimenC=\dimen142
\@IEEEtrantmpcountA=\count187
\@IEEEtrantmpcountB=\count188
\@IEEEtrantmpcountC=\count189
\@IEEEtrantmptoksA=\toks17
LaTeX Font Info:    Trying to load font information for OT1+ptm on input line 5
03.
(C:\Users\User\AppData\Local\Programs\MiKTeX\tex/latex/psnfss\ot1ptm.fd
File: ot1ptm.fd 2001/06/04 font definitions for OT1/ptm.
)
-- Using 8.5in x 11in (letter) paper.
-- Using PDF output.
\@IEEEnormalsizeunitybaselineskip=\dimen143
-- This is a 10 point document.
\CLASSINFOnormalsizebaselineskip=\dimen144
\CLASSINFOnormalsizeunitybaselineskip=\dimen145
\IEEEnormaljot=\dimen146
LaTeX Font Info:    Font shape `OT1/ptm/bx/n' in size <5> not available
(Font)              Font shape `OT1/ptm/b/n' tried instead on input line 1090.
LaTeX Font Info:    Font shape `OT1/ptm/bx/it' in size <5> not available
(Font)              Font shape `OT1/ptm/b/it' tried instead on input line 1090.

LaTeX Font Info:    Font shape `OT1/ptm/bx/n' in size <7> not available
(Font)              Font shape `OT1/ptm/b/n' tried instead on input line 1090.
LaTeX Font Info:    Font shape `OT1/ptm/bx/it' in size <7> not available
(Font)              Font shape `OT1/ptm/b/it' tried instead on input line 1090.

LaTeX Font Info:    Font shape `OT1/ptm/bx/n' in size <8> not available
(Font)              Font shape `OT1/ptm/b/n' tried instead on input line 1090.
LaTeX Font Info:    Font shape `OT1/ptm/bx/it' in size <8> not available
(Font)              Font shape `OT1/ptm/b/it' tried instead on input line 1090.

LaTeX Font Info:    Font shape `OT1/ptm/bx/n' in size <9> not available
(Font)              Font shape `OT1/ptm/b/n' tried instead on input line 1090.
LaTeX Font Info:    Font shape `OT1/ptm/bx/it' in size <9> not available
(Font)              Font shape `OT1/ptm/b/it' tried instead on input line 1090.

LaTeX Font Info:    Font shape `OT1/ptm/bx/n' in size <10> not available
(Font)              Font shape `OT1/ptm/b/n' tried instead on input line 1090.
LaTeX Font Info:    Font shape `OT1/ptm/bx/it' in size <10> not available
(Font)              Font shape `OT1/ptm/b/it' tried instead on input line 1090.

LaTeX Font Info:    Font shape `OT1/ptm/bx/n' in size <11> not available
(Font)              Font shape `OT1/ptm/b/n' tried instead on input line 1090.
LaTeX Font Info:    Font shape `OT1/ptm/bx/it' in size <11> not available
(Font)              Font shape `OT1/ptm/b/it' tried instead on input line 1090.

LaTeX Font Info:    Font shape `OT1/ptm/bx/n' in size <12> not available
(Font)              Font shape `OT1/ptm/b/n' tried instead on input line 1090.
LaTeX Font Info:    Font shape `OT1/ptm/bx/it' in size <12> not available
(Font)              Font shape `OT1/ptm/b/it' tried instead on input line 1090.

LaTeX Font Info:    Font shape `OT1/ptm/bx/n' in size <17> not available
(Font)              Font shape `OT1/ptm/b/n' tried instead on input line 1090.
LaTeX Font Info:    Font shape `OT1/ptm/bx/it' in size <17> not available
(Font)              Font shape `OT1/ptm/b/it' tried instead on input line 1090.

LaTeX Font Info:    Font shape `OT1/ptm/bx/n' in size <20> not available
(Font)              Font shape `OT1/ptm/b/n' tried instead on input line 1090.
LaTeX Font Info:    Font shape `OT1/ptm/bx/it' in size <20> not available
(Font)              Font shape `OT1/ptm/b/it' tried instead on input line 1090.

LaTeX Font Info:    Font shape `OT1/ptm/bx/n' in size <24> not available
(Font)              Font shape `OT1/ptm/b/n' tried instead on input line 1090.
LaTeX Font Info:    Font shape `OT1/ptm/bx/it' in size <24> not available
(Font)              Font shape `OT1/ptm/b/it' tried instead on input line 1090.

\IEEEquantizedlength=\dimen147
\IEEEquantizedlengthdiff=\dimen148
\IEEEquantizedtextheightdiff=\dimen149
\IEEEilabelindentA=\dimen150
\IEEEilabelindentB=\dimen151
\IEEEilabelindent=\dimen152
\IEEEelabelindent=\dimen153
\IEEEdlabelindent=\dimen154
\IEEElabelindent=\dimen155
\IEEEiednormlabelsep=\dimen156
\IEEEiedmathlabelsep=\dimen157
\IEEEiedtopsep=\skip48
\c@section=\count190
\c@subsection=\count191
\c@subsubsection=\count192
\c@paragraph=\count193
\c@IEEEsubequation=\count194
\abovecaptionskip=\skip49
\belowcaptionskip=\skip50
\c@figure=\count195
\c@table=\count196
\@IEEEeqnnumcols=\count197
\@IEEEeqncolcnt=\count198
\@IEEEsubeqnnumrollback=\count199
\@IEEEquantizeheightA=\dimen158
\@IEEEquantizeheightB=\dimen159
\@IEEEquantizeheightC=\dimen160
\@IEEEquantizeprevdepth=\dimen161
\@IEEEquantizemultiple=\count266
\@IEEEquantizeboxA=\box51
\@IEEEtmpitemindent=\dimen162
\IEEEPARstartletwidth=\dimen163
\c@IEEEbiography=\count267
\@IEEEtranrubishbin=\box52
)
** ATTENTION: Overriding command lockouts (line 2).
(C:\Users\User\AppData\Local\Programs\MiKTeX\tex/latex/cjk-ko\kotex.sty
Package: kotex 2015/04/19 v1.6 Korean TeX (ko.TeX)

(C:\Users\User\AppData\Local\Programs\MiKTeX\tex/latex/kotex-utf\kotex.cfg)
(C:\Users\User\AppData\Local\Programs\MiKTeX\tex/latex/kotex-utf\kotexutf.sty
Package: kotexutf 2022/06/22 v3.0.0 typesetting UTF-8 Korean documents

(C:\Users\User\AppData\Local\Programs\MiKTeX\tex/latex/base\inputenc.sty
Package: inputenc 2021/02/14 v1.3d Input encoding file
\inpenc@prehook=\toks18
\inpenc@posthook=\toks19
)
(C:\Users\User\AppData\Local\Programs\MiKTeX\tex/plain/kotex-plain\kotexutf-cor
e.tex
\unih@ngulpoint=\count268
\dhucs@emph@raise=\dimen164
)
Now handling font encoding LUC ...
... processing UTF-8 mapping file for font encoding LUC

(C:\Users\User\AppData\Local\Programs\MiKTeX\tex/latex/kotex-utf\lucenc.dfu
File: lucenc.dfu 2007/09/05 UTF-8 support for dhucs
   defining Unicode char U+00B7 (decimal 183)
   defining Unicode char U+2018 (decimal 8216)
   defining Unicode char U+2019 (decimal 8217)
   defining Unicode char U+201C (decimal 8220)
   defining Unicode char U+201D (decimal 8221)
   defining Unicode char U+3001 (decimal 12289)
   defining Unicode char U+3002 (decimal 12290)
   defining Unicode char U+3008 (decimal 12296)
   defining Unicode char U+3009 (decimal 12297)
   defining Unicode char U+300A (decimal 12298)
   defining Unicode char U+300B (decimal 12299)
   defining Unicode char U+300C (decimal 12300)
   defining Unicode char U+300D (decimal 12301)
   defining Unicode char U+300E (decimal 12302)
   defining Unicode char U+300F (decimal 12303)
   defining Unicode char U+3010 (decimal 12304)
   defining Unicode char U+3011 (decimal 12305)
   defining Unicode char U+3014 (decimal 12308)
   defining Unicode char U+3015 (decimal 12309)
   defining Unicode char U+3016 (decimal 12310)
   defining Unicode char U+3017 (decimal 12311)
   defining Unicode char U+3018 (decimal 12312)
   defining Unicode char U+3019 (decimal 12313)
   defining Unicode char U+301A (decimal 12314)
   defining Unicode char U+301B (decimal 12315)
   defining Unicode char U+FF01 (decimal 65281)
   defining Unicode char U+FF08 (decimal 65288)
   defining Unicode char U+FF09 (decimal 65289)
   defining Unicode char U+FF0C (decimal 65292)
   defining Unicode char U+FF0E (decimal 65294)
   defining Unicode char U+FF1A (decimal 65306)
   defining Unicode char U+FF1B (decimal 65307)
   defining Unicode char U+FF1C (decimal 65308)
   defining Unicode char U+FF1D (decimal 65309)
   defining Unicode char U+FF1E (decimal 65310)
   defining Unicode char U+FF1F (decimal 65311)
   defining Unicode char U+FF3B (decimal 65339)
   defining Unicode char U+FF3D (decimal 65341)
   defining Unicode char U+FF5B (decimal 65371)
   defining Unicode char U+FF5D (decimal 65373)
   defining Unicode char U+FF61 (decimal 65377)
   defining Unicode char U+FF62 (decimal 65378)
   defining Unicode char U+FF63 (decimal 65379)
   defining Unicode char U+FF64 (decimal 65380)
   defining Unicode char U+FF65 (decimal 65381)
)
\@josa=\count269
\josatoks=\toks20

(C:\Users\User\AppData\Local\Programs\MiKTeX\tex/latex/cjk-ko\kolabels-utf.sty
Package: kolabels-utf 2015/03/20 v1.5 UTF-8 Hangul item labels
))) (C:\Users\User\AppData\Local\Programs\MiKTeX\tex/latex/cite\cite.sty
LaTeX Info: Redefining \cite on input line 302.
LaTeX Info: Redefining \nocite on input line 332.
Package: cite 2015/02/27  v 5.5
)
(C:\Users\User\AppData\Local\Programs\MiKTeX\tex/latex/amsmath\amsmath.sty
Package: amsmath 2023/05/13 v2.17o AMS math features
\@mathmargin=\skip51

For additional information on amsmath, use the `?' option.
(C:\Users\User\AppData\Local\Programs\MiKTeX\tex/latex/amsmath\amstext.sty
Package: amstext 2021/08/26 v2.01 AMS text

(C:\Users\User\AppData\Local\Programs\MiKTeX\tex/latex/amsmath\amsgen.sty
File: amsgen.sty 1999/11/30 v2.0 generic functions
\@emptytoks=\toks21
\ex@=\dimen165
))
(C:\Users\User\AppData\Local\Programs\MiKTeX\tex/latex/amsmath\amsbsy.sty
Package: amsbsy 1999/11/29 v1.2d Bold Symbols
\pmbraise@=\dimen166
)
(C:\Users\User\AppData\Local\Programs\MiKTeX\tex/latex/amsmath\amsopn.sty
Package: amsopn 2022/04/08 v2.04 operator names
)
\inf@bad=\count270
LaTeX Info: Redefining \frac on input line 234.
\uproot@=\count271
\leftroot@=\count272
LaTeX Info: Redefining \overline on input line 399.
LaTeX Info: Redefining \colon on input line 410.
\classnum@=\count273
\DOTSCASE@=\count274
LaTeX Info: Redefining \ldots on input line 496.
LaTeX Info: Redefining \dots on input line 499.
LaTeX Info: Redefining \cdots on input line 620.
\Mathstrutbox@=\box53
\strutbox@=\box54
LaTeX Info: Redefining \big on input line 722.
LaTeX Info: Redefining \Big on input line 723.
LaTeX Info: Redefining \bigg on input line 724.
LaTeX Info: Redefining \Bigg on input line 725.
\big@size=\dimen167
LaTeX Font Info:    Redeclaring font encoding OML on input line 743.
LaTeX Font Info:    Redeclaring font encoding OMS on input line 744.
\macc@depth=\count275
LaTeX Info: Redefining \bmod on input line 905.
LaTeX Info: Redefining \pmod on input line 910.
LaTeX Info: Redefining \smash on input line 940.
LaTeX Info: Redefining \relbar on input line 970.
LaTeX Info: Redefining \Relbar on input line 971.
\c@MaxMatrixCols=\count276
\dotsspace@=\muskip16
\c@parentequation=\count277
\dspbrk@lvl=\count278
\tag@help=\toks22
\row@=\count279
\column@=\count280
\maxfields@=\count281
\andhelp@=\toks23
\eqnshift@=\dimen168
\alignsep@=\dimen169
\tagshift@=\dimen170
\tagwidth@=\dimen171
\totwidth@=\dimen172
\lineht@=\dimen173
\@envbody=\toks24
\multlinegap=\skip52
\multlinetaggap=\skip53
\mathdisplay@stack=\toks25
LaTeX Info: Redefining \[ on input line 2953.
LaTeX Info: Redefining \] on input line 2954.
)
(C:\Users\User\AppData\Local\Programs\MiKTeX\tex/latex/amsfonts\amssymb.sty
Package: amssymb 2013/01/14 v3.01 AMS font symbols

(C:\Users\User\AppData\Local\Programs\MiKTeX\tex/latex/amsfonts\amsfonts.sty
Package: amsfonts 2013/01/14 v3.01 Basic AMSFonts support
\symAMSa=\mathgroup4
\symAMSb=\mathgroup5
LaTeX Font Info:    Redeclaring math symbol \hbar on input line 98.
LaTeX Font Info:    Overwriting math alphabet `\mathfrak' in version `bold'
(Font)                  U/euf/m/n --> U/euf/b/n on input line 106.
))
(C:\Users\User\AppData\Local\Programs\MiKTeX\tex/latex/graphics\graphicx.sty
Package: graphicx 2021/09/16 v1.2d Enhanced LaTeX Graphics (DPC,SPQR)

(C:\Users\User\AppData\Local\Programs\MiKTeX\tex/latex/graphics\keyval.sty
Package: keyval 2022/05/29 v1.15 key=value parser (DPC)
\KV@toks@=\toks26
)
(C:\Users\User\AppData\Local\Programs\MiKTeX\tex/latex/graphics\graphics.sty
Package: graphics 2022/03/10 v1.4e Standard LaTeX Graphics (DPC,SPQR)

(C:\Users\User\AppData\Local\Programs\MiKTeX\tex/latex/graphics\trig.sty
Package: trig 2021/08/11 v1.11 sin cos tan (DPC)
)
(C:\Users\User\AppData\Local\Programs\MiKTeX\tex/latex/graphics-cfg\graphics.cf
g
File: graphics.cfg 2016/06/04 v1.11 sample graphics configuration
)
Package graphics Info: Driver file: pdftex.def on input line 107.

(C:\Users\User\AppData\Local\Programs\MiKTeX\tex/latex/graphics-def\pdftex.def
File: pdftex.def 2022/09/22 v1.2b Graphics/color driver for pdftex
))
\Gin@req@height=\dimen174
\Gin@req@width=\dimen175
) (C:\Users\User\AppData\Local\Programs\MiKTeX\tex/latex/base\textcomp.sty
Package: textcomp 2020/02/02 v2.0n Standard LaTeX package
)
(C:\Users\User\AppData\Local\Programs\MiKTeX\tex/latex/xcolor\xcolor.sty
Package: xcolor 2023/11/15 v3.01 LaTeX color extensions (UK)

(C:\Users\User\AppData\Local\Programs\MiKTeX\tex/latex/graphics-cfg\color.cfg
File: color.cfg 2016/01/02 v1.6 sample color configuration
)
Package xcolor Info: Driver file: pdftex.def on input line 274.

(C:\Users\User\AppData\Local\Programs\MiKTeX\tex/latex/graphics\mathcolor.ltx)
Package xcolor Info: Model `cmy' substituted by `cmy0' on input line 1350.
Package xcolor Info: Model `hsb' substituted by `rgb' on input line 1354.
Package xcolor Info: Model `RGB' extended on input line 1366.
Package xcolor Info: Model `HTML' substituted by `rgb' on input line 1368.
Package xcolor Info: Model `Hsb' substituted by `hsb' on input line 1369.
Package xcolor Info: Model `tHsb' substituted by `hsb' on input line 1370.
Package xcolor Info: Model `HSB' substituted by `hsb' on input line 1371.
Package xcolor Info: Model `Gray' substituted by `gray' on input line 1372.
Package xcolor Info: Model `wave' substituted by `hsb' on input line 1373.
) (C:\Users\User\AppData\Local\Programs\MiKTeX\tex/latex/url\url.sty
\Urlmuskip=\muskip17
Package: url 2013/09/16  ver 3.4  Verb mode for urls, etc.
)
(C:\Users\User\AppData\Local\Programs\MiKTeX\tex/latex/booktabs\booktabs.sty
Package: booktabs 2020/01/12 v1.61803398 Publication quality tables
\heavyrulewidth=\dimen176
\lightrulewidth=\dimen177
\cmidrulewidth=\dimen178
\belowrulesep=\dimen179
\belowbottomsep=\dimen180
\aboverulesep=\dimen181
\abovetopsep=\dimen182
\cmidrulesep=\dimen183
\cmidrulekern=\dimen184
\defaultaddspace=\dimen185
\@cmidla=\count282
\@cmidlb=\count283
\@aboverulesep=\dimen186
\@belowrulesep=\dimen187
\@thisruleclass=\count284
\@lastruleclass=\count285
\@thisrulewidth=\dimen188
)
(C:\Users\User\AppData\Local\Programs\MiKTeX\tex/latex/l3backend\l3backend-pdft
ex.def
File: l3backend-pdftex.def 2024-01-04 L3 backend support: PDF output (pdfTeX)
\l__color_backend_stack_int=\count286
\l__pdf_internal_box=\box55
) (//wsl.localhost/Ubuntu-24.04\home\yideun\qubo_dataset\out\main_ko.aux)
\openout1 = `main_ko.aux'.

LaTeX Font Info:    Checking defaults for OML/cmm/m/it on input line 24.
LaTeX Font Info:    ... okay on input line 24.
LaTeX Font Info:    Checking defaults for OMS/cmsy/m/n on input line 24.
LaTeX Font Info:    ... okay on input line 24.
LaTeX Font Info:    Checking defaults for OT1/cmr/m/n on input line 24.
LaTeX Font Info:    ... okay on input line 24.
LaTeX Font Info:    Checking defaults for T1/cmr/m/n on input line 24.
LaTeX Font Info:    ... okay on input line 24.
LaTeX Font Info:    Checking defaults for TS1/cmr/m/n on input line 24.
LaTeX Font Info:    ... okay on input line 24.
LaTeX Font Info:    Checking defaults for OMX/cmex/m/n on input line 24.
LaTeX Font Info:    ... okay on input line 24.
LaTeX Font Info:    Checking defaults for U/cmr/m/n on input line 24.
LaTeX Font Info:    ... okay on input line 24.
LaTeX Font Info:    Checking defaults for LUC/nanummj/m/n on input line 24.
LaTeX Font Info:    Trying to load font information for LUC+nanummj on input li
ne 24.

(C:\Users\User\AppData\Local\Programs\MiKTeX\tex/latex/nanumtype1\lucnanummj.fd
File: lucnanummj.fd 2013/02/12 v0.1 Nanum Myeongjo font definitions
)
LaTeX Font Info:    ... okay on input line 24.

-- Lines per column: 56 (exact).

(C:\Users\User\AppData\Local\Programs\MiKTeX\tex/context/base/mkii\supp-pdf.mki
i
[Loading MPS to PDF converter (version 2006.09.02).]
\scratchcounter=\count287
\scratchdimen=\dimen189
\scratchbox=\box56
\nofMPsegments=\count288
\nofMParguments=\count289
\everyMPshowfont=\toks27
\MPscratchCnt=\count290
\MPscratchDim=\dimen190
\MPnumerator=\count291
\makeMPintoPDFobject=\count292
\everyMPtoPDFconversion=\toks28
)
(C:\Users\User\AppData\Local\Programs\MiKTeX\tex/latex/epstopdf-pkg\epstopdf-ba
se.sty
Package: epstopdf-base 2020-01-24 v2.11 Base part for package epstopdf
Package epstopdf-base Info: Redefining graphics rule for `.eps' on input line 4
85.

(C:\Users\User\AppData\Local\Programs\MiKTeX\tex/latex/00miktex\epstopdf-sys.cf
g
File: epstopdf-sys.cfg 2021/03/18 v2.0 Configuration of epstopdf for MiKTeX
))
LaTeX Font Info:    Trying to load font information for TS1+ptm on input line 4
5.
 (C:\Users\User\AppData\Local\Programs\MiKTeX\tex/latex/psnfss\ts1ptm.fd
File: ts1ptm.fd 2001/06/04 font definitions for TS1/ptm.
)
LaTeX Font Info:    Font shape `LUC/nanummj/b/n' in size <9> not available
(Font)              Font shape `LUC/nanummj/bx/n' tried instead on input line 4
8.
LaTeX Font Info:    Trying to load font information for U+msa on input line 51.


(C:\Users\User\AppData\Local\Programs\MiKTeX\tex/latex/amsfonts\umsa.fd
File: umsa.fd 2013/01/14 v3.01 AMS symbols A
)
LaTeX Font Info:    Trying to load font information for U+msb on input line 51.


(C:\Users\User\AppData\Local\Programs\MiKTeX\tex/latex/amsfonts\umsb.fd
File: umsb.fd 2013/01/14 v3.01 AMS symbols B
)

LaTeX Font Warning: Font shape `LUC/nanummj/m/sc' undefined
(Font)              using `LUC/nanummj/m/n' instead on input line 73.


LaTeX Warning: Citation `kirkpatrick1983' on page 1 undefined on input line 77.


LaTeX Font Info:    Font shape `LUC/nanummj/m/it' in size <10> not available
(Font)              Font shape `LUC/nanummj/m/sl' tried instead on input line 8
5.
LaTeX Font Info:    Font shape `LUC/nanummj/b/n' in size <10> not available
(Font)              Font shape `LUC/nanummj/bx/n' tried instead on input line 1
07.

LaTeX Warning: Citation `boothby2020' on page 1 undefined on input line 107.

LaTeX Font Info:    Trying to load font information for OT1+pcr on input line 1
08.
(C:\Users\User\AppData\Local\Programs\MiKTeX\tex/latex/psnfss\ot1pcr.fd
File: ot1pcr.fd 2001/06/04 font definitions for OT1/pcr.
)
Underfull \hbox (badness 10000) in paragraph at lines 107--118
[]\LUC/nanummj/bx/n/10 x\LUC/nanummj/bx/n/10 ¤\LUC/nanummj/bx/n/10 4\LUC/nanumm
j/bx/n/10 ¤\OT1/ptm/b/n/10 . \OT1/ptm/m/n/10 D-Wave Ad-van-tage Pe-ga-sus P16 \
LUC/nanummj/m/n/10/ad ø\LUC/nanummj/m/n/10/b7 ˜
 []


Underfull \hbox (badness 10000) in paragraph at lines 107--118
\LUC/nanummj/m/n/10/d5 ^^D \OT1/ptm/m/n/10 [\OT1/ptm/b/n/10 ?\OT1/ptm/m/n/10 ](
$\OML/cmm/m/it/10 n[]\OT1/cmr/m/n/10 5612$ \LUC/nanummj/m/n/10/d6 \\LUC/nanummj
/m/n/10/c1 1 \LUC/nanummj/m/n/10/d0 P\LUC/nanummj/m/n/10/be D\LUC/nanummj/m/n/1
0/d2 ¸\OT1/ptm/m/n/10 ) \LUC/nanummj/m/n/10/c7 ^^D\LUC/nanummj/m/n/10/c5 Ð \OT1
/pcr/m/n/10 lin2 \LUC/nanummj/m/n/10/c7 t\LUC/nanummj/m/n/10/c0 °\LUC/nanummj/m
/n/10/ac Ä\LUC/nanummj/m/n/10/c2 ^^X
 []


Underfull \hbox (badness 1953) in paragraph at lines 107--118
\OT1/ptm/m/n/10 ($\OML/cmm/m/it/10 R[] \OMS/cmsy/m/n/10 2 f^^@\OT1/cmr/m/n/10 1
\OML/cmm/m/it/10 ; \OT1/cmr/m/n/10 +1\OMS/cmsy/m/n/10 g$\OT1/ptm/m/n/10 )\LUC/n
anummj/m/n/10/b8 \ \OT1/ptm/m/n/10 posiform-planted \LUC/nanummj/m/n/10/c7 x\LU
C/nanummj/m/n/10/c2 ¤\LUC/nanummj/m/n/10/d1 4\LUC/nanummj/m/n/10/c2 ¤ $\OT1/cmr
/m/n/10 500$\LUC/nanummj/m/n/10/ac ^^\
 []


Underfull \hbox (badness 5548) in paragraph at lines 107--118
\LUC/nanummj/m/n/10/b9 | \LUC/nanummj/m/n/10/c0 Ý\LUC/nanummj/m/n/10/c1 1\LUC/n
anummj/m/n/10/d5 \\LUC/nanummj/m/n/10/b2 ä\OT1/ptm/m/n/10 . \LUC/nanummj/m/n/10
/d5 X\LUC/nanummj/m/n/10/b4 Ü\LUC/nanummj/m/n/10/c6 è\LUC/nanummj/m/n/10/c5 ´ \
LUC/nanummj/m/n/10/ad ø\LUC/nanummj/m/n/10/b7 ˜\LUC/nanummj/m/n/10/d5 ^^D\LUC/n
anummj/m/n/10/b9 | \OT1/ptm/m/n/10 Kernighan--Lin \LUC/nanummj/m/n/10/c7 ¬\LUC/
nanummj/m/n/10/ad À
 []

[1{C:/Users/User/AppData/Local/MiKTeX/fonts/map/pdftex/pdftex.map}{C:/Users/Use
r/AppData/Local/Programs/MiKTeX/fonts/enc/dvips/base/8r.enc}


]

LaTeX Warning: Reference `sec:vpc' on page 2 undefined on input line 138.

<figures/fig_sa_vs_qpu.pdf, id=111, 243.80836pt x 179.95454pt>
File: figures/fig_sa_vs_qpu.pdf Graphic file (type pdf)
<use figures/fig_sa_vs_qpu.pdf>
Package pdftex.def Info: figures/fig_sa_vs_qpu.pdf  used on input line 150.
(pdftex.def)             Requested size: 252.0pt x 186.00876pt.

Underfull \vbox (badness 10000) has occurred while \output is active []

 [2 <./figures/fig_sa_vs_qpu.pdf>]

** Conference Paper **
Before submitting the final camera ready copy, remember to:

 1. Manually equalize the lengths of two columns on the last page
 of your paper;

 2. Ensure that any PostScript and/or PDF output post-processing
 uses only Type 1 fonts and that every step in the generation
 process uses the appropriate paper size.

[3

] (//wsl.localhost/Ubuntu-24.04\home\yideun\qubo_dataset\out\main_ko.aux)
 ***********
LaTeX2e <2023-11-01> patch level 1
L3 programming layer <2024-01-04>
 ***********


LaTeX Font Warning: Some font shapes were not available, defaults substituted.


LaTeX Warning: There were undefined references.


LaTeX Warning: Label(s) may have changed. Rerun to get cross-references right.

 ) 
Here is how much of TeX's memory you used:
 4986 strings out of 474486
 81038 string characters out of 5744227
 1955542 words of memory out of 5000000
 27090 multiletter control sequences out of 15000+600000
 649962 words of font info for 285 fonts, out of 8000000 for 9000
 1141 hyphenation exceptions out of 8191
 59i,10n,65p,772b,300s stack positions out of 10000i,1000n,20000p,200000b,200000s
<C:/Users/User/AppData/Local/Programs/MiKTeX/fonts/type1/public/amsfonts/cm/c
mex10.pfb><C:/Users/User/AppData/Local/Programs/MiKTeX/fonts/type1/public/amsfo
nts/cm/cmmi10.pfb><C:/Users/User/AppData/Local/Programs/MiKTeX/fonts/type1/publ
ic/amsfonts/cm/cmmi6.pfb><C:/Users/User/AppData/Local/Programs/MiKTeX/fonts/typ
e1/public/amsfonts/cm/cmmi7.pfb><C:/Users/User/AppData/Local/Programs/MiKTeX/fo
nts/type1/public/amsfonts/cm/cmmi8.pfb><C:/Users/User/AppData/Local/Programs/Mi
KTeX/fonts/type1/public/amsfonts/cm/cmmi9.pfb><C:/Users/User/AppData/Local/Prog
rams/MiKTeX/fonts/type1/public/amsfonts/cm/cmr10.pfb><C:/Users/User/AppData/Loc
al/Programs/MiKTeX/fonts/type1/public/amsfonts/cm/cmr6.pfb><C:/Users/User/AppDa
ta/Local/Programs/MiKTeX/fonts/type1/public/amsfonts/cm/cmr7.pfb><C:/Users/User
/AppData/Local/Programs/MiKTeX/fonts/type1/public/amsfonts/cm/cmr8.pfb><C:/User
s/User/AppData/Local/Programs/MiKTeX/fonts/type1/public/amsfonts/cm/cmr9.pfb><C
:/Users/User/AppData/Local/Programs/MiKTeX/fonts/type1/public/amsfonts/cm/cmsy1
0.pfb><C:/Users/User/AppData/Local/Programs/MiKTeX/fonts/type1/public/amsfonts/
cm/cmsy6.pfb><C:/Users/User/AppData/Local/Programs/MiKTeX/fonts/type1/public/am
sfonts/cm/cmsy7.pfb><C:/Users/User/AppData/Local/Programs/MiKTeX/fonts/type1/pu
blic/amsfonts/cm/cmsy8.pfb><C:/Users/User/AppData/Local/Programs/MiKTeX/fonts/t
ype1/public/nanumtype1/nanummjbac.pfb><C:/Users/User/AppData/Local/Programs/MiK
TeX/fonts/type1/public/nanumtype1/nanummjbad.pfb><C:/Users/User/AppData/Local/P
rograms/MiKTeX/fonts/type1/public/nanumtype1/nanummjbae.pfb><C:/Users/User/AppD
ata/Local/Programs/MiKTeX/fonts/type1/public/nanumtype1/nanummjbb0.pfb><C:/User
s/User/AppData/Local/Programs/MiKTeX/fonts/type1/public/nanumtype1/nanummjbb1.p
fb><C:/Users/User/AppData/Local/Programs/MiKTeX/fonts/type1/public/nanumtype1/n
anummjbb2.pfb><C:/Users/User/AppData/Local/Programs/MiKTeX/fonts/type1/public/n
anumtype1/nanummjbb3.pfb><C:/Users/User/AppData/Local/Programs/MiKTeX/fonts/typ
e1/public/nanumtype1/nanummjbb4.pfb><C:/Users/User/AppData/Local/Programs/MiKTe
X/fonts/type1/public/nanumtype1/nanummjbb6.pfb><C:/Users/User/AppData/Local/Pro
grams/MiKTeX/fonts/type1/public/nanumtype1/nanummjbb7.pfb><C:/Users/User/AppDat
a/Local/Programs/MiKTeX/fonts/type1/public/nanumtype1/nanummjbb8.pfb><C:/Users/
User/AppData/Local/Programs/MiKTeX/fonts/type1/public/nanumtype1/nanummjbb9.pfb
><C:/Users/User/AppData/Local/Programs/MiKTeX/fonts/type1/public/nanumtype1/nan
ummjbba.pfb><C:/Users/User/AppData/Local/Programs/MiKTeX/fonts/type1/public/nan
umtype1/nanummjbbb.pfb><C:/Users/User/AppData/Local/Programs/MiKTeX/fonts/type1
/public/nanumtype1/nanummjbbc.pfb><C:/Users/User/AppData/Local/Programs/MiKTeX/
fonts/type1/public/nanumtype1/nanummjbbd.pfb><C:/Users/User/AppData/Local/Progr
ams/MiKTeX/fonts/type1/public/nanumtype1/nanummjbbe.pfb><C:/Users/User/AppData/
Local/Programs/MiKTeX/fonts/type1/public/nanumtype1/nanummjbc0.pfb><C:/Users/Us
er/AppData/Local/Programs/MiKTeX/fonts/type1/public/nanumtype1/nanummjbc1.pfb><
C:/Users/User/AppData/Local/Programs/MiKTeX/fonts/type1/public/nanumtype1/nanum
mjbc2.pfb><C:/Users/User/AppData/Local/Programs/MiKTeX/fonts/type1/public/nanum
type1/nanummjbc5.pfb><C:/Users/User/AppData/Local/Programs/MiKTeX/fonts/type1/p
ublic/nanumtype1/nanummjbc6.pfb><C:/Users/User/AppData/Local/Programs/MiKTeX/fo
nts/type1/public/nanumtype1/nanummjbc7.pfb><C:/Users/User/AppData/Local/Program
s/MiKTeX/fonts/type1/public/nanumtype1/nanummjbc8.pfb><C:/Users/User/AppData/Lo
cal/Programs/MiKTeX/fonts/type1/public/nanumtype1/nanummjbc9.pfb><C:/Users/User
/AppData/Local/Programs/MiKTeX/fonts/type1/public/nanumtype1/nanummjbcc.pfb><C:
/Users/User/AppData/Local/Programs/MiKTeX/fonts/type1/public/nanumtype1/nanummj
bcd.pfb><C:/Users/User/AppData/Local/Programs/MiKTeX/fonts/type1/public/nanumty
pe1/nanummjbce.pfb><C:/Users/User/AppData/Local/Programs/MiKTeX/fonts/type1/pub
lic/nanumtype1/nanummjbcf.pfb><C:/Users/User/AppData/Local/Programs/MiKTeX/font
s/type1/public/nanumtype1/nanummjbd0.pfb><C:/Users/User/AppData/Local/Programs/
MiKTeX/fonts/type1/public/nanumtype1/nanummjbd1.pfb><C:/Users/User/AppData/Loca
l/Programs/MiKTeX/fonts/type1/public/nanumtype1/nanummjbd2.pfb><C:/Users/User/A
ppData/Local/Programs/MiKTeX/fonts/type1/public/nanumtype1/nanummjbd3.pfb><C:/U
sers/User/AppData/Local/Programs/MiKTeX/fonts/type1/public/nanumtype1/nanummjbd
4.pfb><C:/Users/User/AppData/Local/Programs/MiKTeX/fonts/type1/public/nanumtype
1/nanummjbd5.pfb><C:/Users/User/AppData/Local/Programs/MiKTeX/fonts/type1/publi
c/nanumtype1/nanummjbd6.pfb><C:/Users/User/AppData/Local/Programs/MiKTeX/fonts/
type1/public/nanumtype1/nanummjbd7.pfb><C:/Users/User/AppData/Local/Programs/Mi
KTeX/fonts/type1/public/nanumtype1/nanummjmac.pfb><C:/Users/User/AppData/Local/
Programs/MiKTeX/fonts/type1/public/nanumtype1/nanummjmac.pfb><C:/Users/User/App
Data/Local/Programs/MiKTeX/fonts/type1/public/nanumtype1/nanummjmad.pfb><C:/Use
rs/User/AppData/Local/Programs/MiKTeX/fonts/type1/public/nanumtype1/nanummjmae.
pfb><C:/Users/User/AppData/Local/Programs/MiKTeX/fonts/type1/public/nanumtype1/
nanummjmae.pfb><C:/Users/User/AppData/Local/Programs/MiKTeX/fonts/type1/public/
nanumtype1/nanummjmaf.pfb><C:/Users/User/AppData/Local/Programs/MiKTeX/fonts/ty
pe1/public/nanumtype1/nanummjmb0.pfb><C:/Users/User/AppData/Local/Programs/MiKT
eX/fonts/type1/public/nanumtype1/nanummjmb1.pfb><C:/Users/User/AppData/Local/Pr
ograms/MiKTeX/fonts/type1/public/nanumtype1/nanummjmb1.pfb><C:/Users/User/AppDa
ta/Local/Programs/MiKTeX/fonts/type1/public/nanumtype1/nanummjmb2.pfb><C:/Users
/User/AppData/Local/Programs/MiKTeX/fonts/type1/public/nanumtype1/nanummjmb2.pf
b><C:/Users/User/AppData/Local/Programs/MiKTeX/fonts/type1/public/nanumtype1/na
nummjmb3.pfb><C:/Users/User/AppData/Local/Programs/MiKTeX/fonts/type1/public/na
numtype1/nanummjmb4.pfb><C:/Users/User/AppData/Local/Programs/MiKTeX/fonts/type
1/public/nanumtype1/nanummjmb5.pfb><C:/Users/User/AppData/Local/Programs/MiKTeX
/fonts/type1/public/nanumtype1/nanummjmb6.pfb><C:/Users/User/AppData/Local/Prog
rams/MiKTeX/fonts/type1/public/nanumtype1/nanummjmb7.pfb><C:/Users/User/AppData
/Local/Programs/MiKTeX/fonts/type1/public/nanumtype1/nanummjmb7.pfb><C:/Users/U
ser/AppData/Local/Programs/MiKTeX/fonts/type1/public/nanumtype1/nanummjmb8.pfb>
<C:/Users/User/AppData/Local/Programs/MiKTeX/fonts/type1/public/nanumtype1/nanu
mmjmb9.pfb><C:/Users/User/AppData/Local/Programs/MiKTeX/fonts/type1/public/nanu
mtype1/nanummjmb9.pfb><C:/Users/User/AppData/Local/Programs/MiKTeX/fonts/type1/
public/nanumtype1/nanummjmba.pfb><C:/Users/User/AppData/Local/Programs/MiKTeX/f
onts/type1/public/nanumtype1/nanummjmbb.pfb><C:/Users/User/AppData/Local/Progra
ms/MiKTeX/fonts/type1/public/nanumtype1/nanummjmbc.pfb><C:/Users/User/AppData/L
ocal/Programs/MiKTeX/fonts/type1/public/nanumtype1/nanummjmbc.pfb><C:/Users/Use
r/AppData/Local/Programs/MiKTeX/fonts/type1/public/nanumtype1/nanummjmbd.pfb><C
:/Users/User/AppData/Local/Programs/MiKTeX/fonts/type1/public/nanumtype1/nanumm
jmbd.pfb><C:/Users/User/AppData/Local/Programs/MiKTeX/fonts/type1/public/nanumt
ype1/nanummjmbe.pfb><C:/Users/User/AppData/Local/Programs/MiKTeX/fonts/type1/pu
blic/nanumtype1/nanummjmbe.pfb><C:/Users/User/AppData/Local/Programs/MiKTeX/fon
ts/type1/public/nanumtype1/nanummjmbf.pfb><C:/Users/User/AppData/Local/Programs
/MiKTeX/fonts/type1/public/nanumtype1/nanummjmc0.pfb><C:/Users/User/AppData/Loc
al/Programs/MiKTeX/fonts/type1/public/nanumtype1/nanummjmc0.pfb><C:/Users/User/
AppData/Local/Programs/MiKTeX/fonts/type1/public/nanumtype1/nanummjmc1.pfb><C:/
Users/User/AppData/Local/Programs/MiKTeX/fonts/type1/public/nanumtype1/nanummjm
c1.pfb><C:/Users/User/AppData/Local/Programs/MiKTeX/fonts/type1/public/nanumtyp
e1/nanummjmc2.pfb><C:/Users/User/AppData/Local/Programs/MiKTeX/fonts/type1/publ
ic/nanumtype1/nanummjmc2.pfb><C:/Users/User/AppData/Local/Programs/MiKTeX/fonts
/type1/public/nanumtype1/nanummjmc5.pfb><C:/Users/User/AppData/Local/Programs/M
iKTeX/fonts/type1/public/nanumtype1/nanummjmc5.pfb><C:/Users/User/AppData/Local
/Programs/MiKTeX/fonts/type1/public/nanumtype1/nanummjmc6.pfb><C:/Users/User/Ap
pData/Local/Programs/MiKTeX/fonts/type1/public/nanumtype1/nanummjmc6.pfb><C:/Us
ers/User/AppData/Local/Programs/MiKTeX/fonts/type1/public/nanumtype1/nanummjmc7
.pfb><C:/Users/User/AppData/Local/Programs/MiKTeX/fonts/type1/public/nanumtype1
/nanummjmc7.pfb><C:/Users/User/AppData/Local/Programs/MiKTeX/fonts/type1/public
/nanumtype1/nanummjmc8.pfb><C:/Users/User/AppData/Local/Programs/MiKTeX/fonts/t
ype1/public/nanumtype1/nanummjmc8.pfb><C:/Users/User/AppData/Local/Programs/MiK
TeX/fonts/type1/public/nanumtype1/nanummjmc9.pfb><C:/Users/User/AppData/Local/P
rograms/MiKTeX/fonts/type1/public/nanumtype1/nanummjmc9.pfb><C:/Users/User/AppD
ata/Local/Programs/MiKTeX/fonts/type1/public/nanumtype1/nanummjmca.pfb><C:/User
s/User/AppData/Local/Programs/MiKTeX/fonts/type1/public/nanumtype1/nanummjmcc.p
fb><C:/Users/User/AppData/Local/Programs/MiKTeX/fonts/type1/public/nanumtype1/n
anummjmcd.pfb><C:/Users/User/AppData/Local/Programs/MiKTeX/fonts/type1/public/n
anumtype1/nanummjmcd.pfb><C:/Users/User/AppData/Local/Programs/MiKTeX/fonts/typ
e1/public/nanumtype1/nanummjmce.pfb><C:/Users/User/AppData/Local/Programs/MiKTe
X/fonts/type1/public/nanumtype1/nanummjmce.pfb><C:/Users/User/AppData/Local/Pro
grams/MiKTeX/fonts/type1/public/nanumtype1/nanummjmcf.pfb><C:/Users/User/AppDat
a/Local/Programs/MiKTeX/fonts/type1/public/nanumtype1/nanummjmd0.pfb><C:/Users/
User/AppData/Local/Programs/MiKTeX/fonts/type1/public/nanumtype1/nanummjmd0.pfb
><C:/Users/User/AppData/Local/Programs/MiKTeX/fonts/type1/public/nanumtype1/nan
ummjmd1.pfb><C:/Users/User/AppData/Local/Programs/MiKTeX/fonts/type1/public/nan
umtype1/nanummjmd1.pfb><C:/Users/User/AppData/Local/Programs/MiKTeX/fonts/type1
/public/nanumtype1/nanummjmd2.pfb><C:/Users/User/AppData/Local/Programs/MiKTeX/
fonts/type1/public/nanumtype1/nanummjmd2.pfb><C:/Users/User/AppData/Local/Progr
ams/MiKTeX/fonts/type1/public/nanumtype1/nanummjmd3.pfb><C:/Users/User/AppData/
Local/Programs/MiKTeX/fonts/type1/public/nanumtype1/nanummjmd3.pfb><C:/Users/Us
er/AppData/Local/Programs/MiKTeX/fonts/type1/public/nanumtype1/nanummjmd4.pfb><
C:/Users/User/AppData/Local/Programs/MiKTeX/fonts/type1/public/nanumtype1/nanum
mjmd5.pfb><C:/Users/User/AppData/Local/Programs/MiKTeX/fonts/type1/public/nanum
type1/nanummjmd6.pfb><C:/Users/User/AppData/Local/Programs/MiKTeX/fonts/type1/p
ublic/nanumtype1/nanummjmd7.pfb><C:/Users/User/AppData/Local/Programs/MiKTeX/fo
nts/type1/urw/courier/ucrr8a.pfb><C:/Users/User/AppData/Local/Programs/MiKTeX/f
onts/type1/urw/times/utmb8a.pfb><C:/Users/User/AppData/Local/Programs/MiKTeX/fo
nts/type1/urw/times/utmbi8a.pfb><C:/Users/User/AppData/Local/Programs/MiKTeX/fo
nts/type1/urw/times/utmr8a.pfb><C:/Users/User/AppData/Local/Programs/MiKTeX/fon
ts/type1/urw/times/utmri8a.pfb>
Output written on //wsl.localhost/Ubuntu-24.04\home\yideun\qubo_dataset\out\mai
n_ko.pdf (3 pages, 4971652 bytes).
PDF statistics:
 659 PDF objects out of 1000 (max. 8388607)
 0 named destinations out of 1000 (max. 500000)
 6 words of extra memory for PDF output out of 10000 (max. 10000000)

