====================================================================================================
R/P 고정 α 비교 — 에너지 분석
N=500, instances=100, reads=50
α: [0, 0.001, 0.01, 0.1], sweeps: [1000, 5000]
====================================================================================================

━━━━━━━━━━━━━━━━━━━━━━━━━━━━━━━━━━━━━━━━━━━━━━━━━━━━━━━━━━━━━━━━━━━━━━━━━━━━━━━━━━━━━━━━━━
  coeff_type = lin2
━━━━━━━━━━━━━━━━━━━━━━━━━━━━━━━━━━━━━━━━━━━━━━━━━━━━━━━━━━━━━━━━━━━━━━━━━━━━━━━━━━━━━━━━━━
  R, P 생성 완료: 100개 (2763.6s)

  ── sweep = 1000 ──
  α        |    GS에너지% |   Target% |  GS≠Target |  Ham med |  Ham avg
  ----------------------------------------------------------------------
  0        |     82.4% |      0.0% |       4122 |       27 |     27.9  (40s)
  0.001    |     10.4% |     10.4% |          0 |       10 |     10.7  (11s)
  0.01     |     24.0% |     24.0% |          0 |        6 |      6.9  (11s)
  0.1      |     99.6% |     99.6% |          0 |        0 |      0.0  (9s)

  ── sweep = 5000 ──
  α        |    GS에너지% |   Target% |  GS≠Target |  Ham med |  Ham avg
  ----------------------------------------------------------------------
  0        |     92.6% |      0.0% |       4632 |       26 |     27.0  (210s)
  0.001    |     14.3% |     14.3% |          0 |        8 |      8.9  (46s)
  0.01     |     35.1% |     35.1% |          0 |        4 |      4.8  (47s)
  0.1      |    100.0% |    100.0% |          0 |        0 |      0.0  (36s)

━━━━━━━━━━━━━━━━━━━━━━━━━━━━━━━━━━━━━━━━━━━━━━━━━━━━━━━━━━━━━━━━━━━━━━━━━━━━━━━━━━━━━━━━━━
  coeff_type = lin20
━━━━━━━━━━━━━━━━━━━━━━━━━━━━━━━━━━━━━━━━━━━━━━━━━━━━━━━━━━━━━━━━━━━━━━━━━━━━━━━━━━━━━━━━━━
  R, P 생성 완료: 100개 (2740.7s)

  ── sweep = 1000 ──
  α        |    GS에너지% |   Target% |  GS≠Target |  Ham med |  Ham avg
  ----------------------------------------------------------------------
  0        |      6.5% |      0.5% |        297 |       16 |     17.4  (9s)
  0.001    |      6.3% |      6.3% |          0 |       10 |     11.5  (23s)
  0.01     |     44.7% |     44.7% |          0 |        2 |      3.7  (23s)
  0.1      |    100.0% |    100.0% |          0 |        0 |      0.0  (11s)

  ── sweep = 5000 ──
  α        |    GS에너지% |   Target% |  GS≠Target |  Ham med |  Ham avg
  ----------------------------------------------------------------------
  0        |     18.4% |      1.5% |        848 |       12 |     13.1  (37s)
  0.001    |     13.1% |     13.1% |          0 |        7 |      8.5  (86s)
  0.01     |     69.7% |     69.7% |          0 |        0 |      1.5  (80s)
  0.1      |    100.0% |    100.0% |          0 |        0 |      0.0  (32s)
